❯ Building...
✔ Building...
Initial chunk files | Names          |  Raw size
main.js             | main           |  27.87 kB | 
styles.css          | styles         |  10.85 kB | 
chunk-I5YMWN5O.js   | -              |   4.20 kB | 
chunk-OSHTTWJY.js   | -              |   3.71 kB | 
chunk-JCWCQEU6.js   | -              |   3.02 kB | 
chunk-ER4R7JLR.js   | -              |   1.91 kB | 
chunk-VUJOFXKG.js   | -              | 987 bytes | 

                    | Initial total  |  52.54 kB

Lazy chunk files    | Names          |  Raw size
chunk-JAEP75IW.js   | process-detail |  68.50 kB | 
chunk-RO3GUUNH.js   | dashboard      |  63.11 kB | 
chunk-7ANZKGK7.js   | shell          |  55.38 kB | 
chunk-4KTX2LJO.js   | processes-list |  41.24 kB | 
chunk-74QR7T5A.js   | -              |  33.39 kB | 
chunk-2KO5UMGX.js   | -              |  27.64 kB | 
chunk-TKT4V77E.js   | login          |  16.01 kB | 
chunk-VMWWWVWA.js   | -              |   6.18 kB | 
chunk-7I5H6UAF.js   | -              |   4.19 kB | 
chunk-4MNHCHN2.js   | forbidden      |   2.39 kB | 
chunk-5C6GNJC6.js   | not-found      |   2.32 kB | 

Application bundle generation complete. [2.658 seconds] - 2026-09-15T23:57:50.334Z

Watch mode enabled. Watching for file changes...
NOTE: Raw file sizes do not reflect development server per-request transformations.
  ➜  Local:   http://localhost:4290/
❯ Changes detected. Rebuilding...
✔ Changes detected. Rebuilding...
Initial chunk files | Names          | Raw size
main.js             | main           | 27.87 kB | 

Lazy chunk files    | Names          | Raw size
chunk-CJEXQF6R.js   | processes-list | 42.02 kB | 

Application bundle generation complete. [0.788 seconds] - 2026-09-15T23:58:32.427Z

Component update sent to client(s).
